WARNING: KICAD6_SYMBOL_DIR environment variable is missing, so the default KiCad symbol libraries won't be searched. @ [/Users/ethanewer/ece455/proton-magnetometer-autoresearch/<frozen importlib._bootstrap_external>:999=>/Users/ethanewer/ece455/proton-magnetometer-autoresearch/<frozen importlib._bootstrap>:488]
WARNING: KICAD7_SYMBOL_DIR environment variable is missing, so the default KiCad symbol libraries won't be searched. @ [/Users/ethanewer/ece455/proton-magnetometer-autoresearch/<frozen importlib._bootstrap_external>:999=>/Users/ethanewer/ece455/proton-magnetometer-autoresearch/<frozen importlib._bootstrap>:488]
WARNING: fp-lib-table file was not found. Component footprints are not available.
WARNING: fp-lib-table file was not found. Component footprints are not available.
WARNING: fp-lib-table file was not found. Component footprints are not available.
WARNING: fp-lib-table file was not found. Component footprints are not available.
WARNING: fp-lib-table file was not found. Component footprints are not available.
ERROR: No footprint for Conn_01x02_Pin/V1 added at /Users/ethanewer/ece455/proton-magnetometer-autoresearch/tests/test_roundtrip_d3.py:76.
ERROR: No footprint for R/Rcoil added at /Users/ethanewer/ece455/proton-magnetometer-autoresearch/tests/test_roundtrip_d3.py:76.
ERROR: No footprint for L/Lcoil added at /Users/ethanewer/ece455/proton-magnetometer-autoresearch/tests/test_roundtrip_d3.py:76.
ERROR: No footprint for C/Ctune added at /Users/ethanewer/ece455/proton-magnetometer-autoresearch/tests/test_roundtrip_d3.py:76.
ERROR: No footprint for R/Rnoise added at /Users/ethanewer/ece455/proton-magnetometer-autoresearch/tests/test_roundtrip_d3.py:76.
WARNING: Missing tag on Conn_01x02_Pin instantiated at /Users/ethanewer/ece455/proton-magnetometer-autoresearch/tests/test_roundtrip_d3.py:76.
WARNING: Random tag u2OCA4qrXh generated for Conn_01x02_Pin.
WARNING: Missing tag on R instantiated at /Users/ethanewer/ece455/proton-magnetometer-autoresearch/tests/test_roundtrip_d3.py:76.
WARNING: Random tag eGaDj0x40m generated for R.
WARNING: Missing tag on L instantiated at /Users/ethanewer/ece455/proton-magnetometer-autoresearch/tests/test_roundtrip_d3.py:76.
WARNING: Random tag Qxls2CH1WA generated for L.
WARNING: Missing tag on C instantiated at /Users/ethanewer/ece455/proton-magnetometer-autoresearch/tests/test_roundtrip_d3.py:76.
WARNING: Random tag too3sHR3iJ generated for C.
WARNING: Missing tag on R instantiated at /Users/ethanewer/ece455/proton-magnetometer-autoresearch/tests/test_roundtrip_d3.py:76.
WARNING: Random tag 9pg7F4ebhr generated for R.
WARNING: Missing tag on  instantiated at /Users/ethanewer/ece455/proton-magnetometer-autoresearch/tests/test_roundtrip_d3.py:72.
INFO: 16 warnings found while generating netlist.
INFO: 5 errors found while generating netlist.

ERROR: No footprint for Conn_01x02_Pin/V1 added at /Users/ethanewer/ece455/proton-magnetometer-autoresearch/tests/test_roundtrip_d3.py:120.
ERROR: No footprint for R/Rcoil added at /Users/ethanewer/ece455/proton-magnetometer-autoresearch/tests/test_roundtrip_d3.py:120.
ERROR: No footprint for L/Lcoil added at /Users/ethanewer/ece455/proton-magnetometer-autoresearch/tests/test_roundtrip_d3.py:120.
ERROR: No footprint for C/Ctune added at /Users/ethanewer/ece455/proton-magnetometer-autoresearch/tests/test_roundtrip_d3.py:120.
ERROR: No footprint for R/Rnoise added at /Users/ethanewer/ece455/proton-magnetometer-autoresearch/tests/test_roundtrip_d3.py:120.
WARNING: Missing tag on Conn_01x02_Pin instantiated at /Users/ethanewer/ece455/proton-magnetometer-autoresearch/tests/test_roundtrip_d3.py:120.
WARNING: Random tag d2UiYD2B58 generated for Conn_01x02_Pin.
WARNING: Missing tag on R instantiated at /Users/ethanewer/ece455/proton-magnetometer-autoresearch/tests/test_roundtrip_d3.py:120.
WARNING: Random tag vOyHFKcdHX generated for R.
WARNING: Missing tag on L instantiated at /Users/ethanewer/ece455/proton-magnetometer-autoresearch/tests/test_roundtrip_d3.py:120.
WARNING: Random tag er0ZaXb4dF generated for L.
WARNING: Missing tag on C instantiated at /Users/ethanewer/ece455/proton-magnetometer-autoresearch/tests/test_roundtrip_d3.py:120.
WARNING: Random tag syqMlAUz_d generated for C.
WARNING: Missing tag on R instantiated at /Users/ethanewer/ece455/proton-magnetometer-autoresearch/tests/test_roundtrip_d3.py:120.
WARNING: Random tag 644J33C8mR generated for R.
WARNING: Missing tag on  instantiated at /Users/ethanewer/ece455/proton-magnetometer-autoresearch/tests/test_roundtrip_d3.py:116.
INFO: 27 warnings found while generating netlist.
INFO: 10 errors found while generating netlist.

